putEn: 0| OutputEn: 1| OpenDrain: 0| Pullup: 0| Pulldown: 0| Intr:0 
[0;32mI (325) gpio: GPIO[25]| ï¿½ets Jul 29 2019 12:21:46[0m

rst:0x1 (POWERON_RESET),boot:0x12 (SPI_FAST_FLASH_BOOT)
configsip: 0, SPIWP:0xee
clk_drv:0x00,q_drv:0x00,d_drv:0x00,cs0_drv:0x00,hd_drv:0x00,wp_drv:0x00
mode:DIO, clock div:2
load:0x3fff0030,len:6276
load:0x40078000,len:15748
load:0x40080400,len:4
ho 8 tail 4 room 4
load:0x40080404,len:3860
entry 0x4008063c
[0;32mI (31) boot: ESP-IDF v5.4.1 2nd stage bootloader[0m
[0;32mI (31) boot: compile time Aug 14 2025 16:19:53[0m
[0;32mI (31) boot: Multicore bootloader[0m
[0;32mI (32) boot: chip revision: v3.1[0m
[0;32mI (35) boot.esp32: SPI Speed      : 40MHz[0m
[0;32mI (39) boot.esp32: SPI Mode       : DIO[0m
[0;32mI (43) boot.esp32: SPI Flash Size : 2MB[0m
[0;32mI (46) boot: Enabling RNG early entropy source...[0m
[0;32mI (51) boot: Partition Table:[0m
[0;32mI (53) boot: ## Label            Usage          Type ST Offset   Length[0m
[0;32mI (60) boot:  0 nvs              WiFi data        01 02 00009000 00006000[0m
[0;32mI (66) boot:  1 phy_init         RF data          01 01 0000f000 00001000[0m
[0;32mI (73) boot:  2 factory          factory app      00 00 00010000 00100000[0m
[0;32mI (79) boot: End of partition table[0m
[0;32mI (82) esp_image: segment 0: paddr=00010020 vaddr=3f400020 size=0b1f0h ( 45552) map[0m
[0;32mI (105) esp_image: segment 1: paddr=0001b218 vaddr=3ff80000 size=0001ch (    28) load[0m
[0;32mI (106) esp_image: segment 2: paddr=0001b23c vaddr=3ffb0000 size=023a4h (  9124) load[0m
[0;32mI (113) esp_image: segment 3: paddr=0001d5e8 vaddr=40080000 size=02a30h ( 10800) load[0m
[0;32mI (121) esp_image: segment 4: paddr=00020020 vaddr=400d0020 size=17a6ch ( 96876) map[0m
[0;32mI (158) esp_image: segment 5: paddr=00037a94 vaddr=40082a30 size=0b2d4h ( 45780) load[0m
[0;32mI (182) boot: Loaded app from partition at offset 0x10000[0m
[0;32mI (182) boot: Disabling RNG early entropy source...[0m
[0;32mI (193) cpu_start: Multicore app[0m
[0;32mI (201) cpu_start: Pro cpu start user code[0m
[0;32mI (201) cpu_start: cpu freq: 160000000 Hz[0m
[0;32mI (201) app_init: Application information:[0m
[0;32mI (201) app_init: Project name:     hello_world[0m
[0;32mI (205) app_init: App version:      c3f7ac7[0m
[0;32mI (209) app_init: Compile time:     Aug 14 2025 16:19:32[0m
[0;32mI (214) app_init: ELF file SHA256:  2c4bc5e1a...[0m
[0;32mI (219) app_init: ESP-IDF:          v5.4.1[0m
[0;32mI (222) efuse_init: Min chip rev:     v0.0[0m
[0;32mI (226) efuse_init: Max chip rev:     v3.99 [0m
[0;32mI (230) efuse_init: Chip rev:         v3.1[0m
[0;32mI (234) heap_init: Initializing. RAM available for dynamic allocation:[0m
[0;32mI (241) heap_init: At 3FFAE6E0 len 00001920 (6 KiB): DRAM[0m
[0;32mI (246) heap_init: At 3FFB2C70 len 0002D390 (180 KiB): DRAM[0m
[0;32mI (251) heap_init: At 3FFE0440 len 00003AE0 (14 KiB): D/IRAM[0m
[0;32mI (256) heap_init: At 3FFE4350 len 0001BCB0 (111 KiB): D/IRAM[0m
[0;32mI (262) heap_init: At 4008DD04 len 000122FC (72 KiB): IRAM[0m
[0;32mI (268) spi_flash: detected chip: generic[0m
[0;32mI (271) spi_flash: flash io: dio[0m
[0;33mW (274) spi_flash: Detected size(4096k) larger than the size in the binary image header(2048k). Using the size in the binary image header.[0m
[0;33mW (286) mcpwm(legacy): legacy driver is deprecated, please migrate to `driver/mcpwm_prelude.h`[0m
[0;32mI (295) main_task: Started on CPU0[0m
[0;32mI (305) main_task: Calling app_main()[0m
[0;32mI (305) gpio: GPIO[12]| InputEn: 0| OutputEn: 1| OpenDrain: 0| Pullup: 0| Pulldown: 0| Intr:0 [0m
[0;32mI (305) gpio: GPIO[13]| InputEn: 0| OutputEn: 1| OpenDrain: 0| Pullup: 0| Pulldown: 0| Intr:0 [0m
[0;32mI (315) gpio: GPIO[14]| InputEn: 0| OutputEn: 1| OpenDrain: 0| Pullup: 0| Pulldown: 0| Intr:0 [0m
[0;32mI (325) gpio: GPIO[25]| InputEn: 0| OutputEn: 1| OpenDrain: 0| Pullup: 0| Pulldown: 0| Intr:0 [0m
[0;32mI (325) gpio: GPIO[26]| InputEn: 0| OutputEn: 1| OpenDrain: 0| Pullup: 0| Pulldown: 0| Intr:0 [0m
[0;32mI (335) gpio: GPIO[27]| InputEn: 0| OutputEn: 1| OpenDrain: 0| Pullup: 0| Pulldown: 0| Intr:0 [0m
[0;32mI (345) gpio: GPIO[32]| InputEn: 0| OutputEn: 1| OpenDrain: 0| Pullup: 0| Pulldown: 0| Intr:0 [0m
[0;32mI (355) gpio: GPIO[33]| InputEn: 0| OutputEn: 1| OpenDrain: 0| Pullup: 0| Pulldown: 0| Intr:0 [0m
[0;32mI (365) uart: queue free spaces: 64[0m
[0;32mI (365) main_task: Returned from app_main()[0m
[0;32mI (6455) uart_rx: Line: A:59.61,B:61.26,C:59.48,D:6.27[0m
:58.59,B:60.26,C:58.60,D:5.79AA:59.61,B:61.26,C:59.48,D:6.27
[0;32mI (6555) uart_rx: Line: A:59.85,B:61.46,C:59.74,D:6.30[0m
[0;32mI (6655) uart_rx: Line: A:60.02,B:61.43,C:59.77,D:6.35[0m
[0;32mI (6755) uart_rx: Line: A:60.29,B:61.74,C:59.83,D:6.26[0m
[0;32mI (6865) uart_rx: Line: A:60.20,B:61.70,C:60.07,D:6.29[0m
[0;32mI (6965) uart_rx: Line: A:60.35,B:61.72,C:59.71,D:6.26[0m
[0;32mI (7065) uart_rx: Line: A:60.32,B:61.78,C:60.03,D:6.34[0m
[0;32mI (7165) uart_rx: Line: A:60.22,B:61.91,C:59.97,D:6.26[0m
[0;32mI (7265) uart_rx: Line: A:60.48,B:61.91,C:60.09,D:6.34[0m
[0;32mI (7365) uart_rx: Line: A:60.31,B:62.02,C:60.12,D:6.38[0m
[0;32mI (7465) uart_rx: Line: A:60.29,B:61.95,C:59.99,D:6.26[0m
[0;32mI (7565) uart_rx: Line: A:60.55,B:61.94,C:60.05,D:6.34[0m
[0;32mI (7665) uart_rx: Line: A:60.26,B:61.95,C:60.01,D:6.25[0m
[0;32mI (7765) uart_rx: Line: A:60.49,B:61.73,C:59.89,D:6.45[0m
[0;32mI (7865) uart_rx: Line: A:60.62,B:61.83,C:59.98,D:6.39[0m
[0;32mI (7965) uart_rx: Line: A:60.47,B:61.92,C:60.10,D:6.48[0m
[0;32mI (8065) uart_rx: Line: A:60.49,B:61.99,C:60.07,D:6.46[0m
[0;32mI (8165) uart_rx: Line: A:60.49,B:61.95,C:59.95,D:6.25[0m
[0;32mI (8265) uart_rx: Line: A:60.45,B:62.24,C:59.92,D:6.46[0m
[0;32mI (8365) uart_rx: Line: A:60.48,B:62.35,C:60.10,D:6.37[0m
[0;32mI (8465) uart_rx: Line: A:60.67,B:61.97,C:60.07,D:6.38[0m
[0;32mI (8565) uart_rx: Line: A:60.48,B:62.23,C:60.14,D:6.36[0m
[0;32mI (8665) uart_rx: Line: A:60.65,B:61.98,C:59.98,D:6.46[0m
[0;32mI (8765) uart_rx: Line: A:60.59,B:62.07,C:60.02,D:6.38[0m
[0;32mI (8865) uart_rx: Line: A:60.60,B:62.21,C:60.22,D:6.52[0m
[0;32mI (8965) uart_rx: Line: A:60.82,B:62.36,C:60.13,D:6.42[0m
[0;32mI (9065) uart_rx: Line: A:60.63,B:62.17,C:60.11,D:6.41[0m
[0;32mI (9165) uart_rx: Line: A:60.78,B:61.95,C:60.02,D:6.46[0m
[0;32mI (9265) uart_rx: Line: A:60.82,B:62.09,C:60.27,D:6.54[0m
[0;32mI (9365) uart_rx: Line: A:60.81,B:61.97,C:60.21,D:6.39[0m
[0;32mI (9465) uart_rx: Line: A:60.92,B:62.06,C:60.17,D:6.34[0m
[0;32mI (9565) uart_rx: Line: A:60.93,B:62.17,C:60.32,D:6.48[0m
[0;32mI (9665) uart_rx: Line: A:60.92,B:62.17,C:60.29,D:6.45[0m
[0;32mI (9775) uart_rx: Line: A:60.74,B:62.16,C:60.16,D:6.37[0m
[0;32mI (9875) uart_rx: Line: A:60.96,B:62.31,C:60.29,D:6.46[0m
[0;32mI (9975) uart_rx: Line: A:60.94,B:62.03,C:60.53,D:6.36[0m
[0;32mI (10075) uart_rx: Line: A:61.00,B:62.26,C:60.15,D:6.63[0m
[0;32mI (10175) uart_rx: Line: A:61.17,B:62.08,C:60.49,D:6.50[0m
[0;32mI (10275) uart_rx: Line: A:60.85,B:62.20,C:60.42,D:6.57[0m
[0;32mI (10375) uart_rx: Line: A:60.98,B:62.15,C:60.54,D:6.43[0m
[0;32mI (10475) uart_rx: Line: A:60.90,B:62.05,C:60.35,D:6.39[0m
[0;32mI (10575) uart_rx: Line: A:60.79,B:62.18,C:60.39,D:6.54[0m
[0;32mI (10675) uart_rx: Line: A:60.90,B:62.04,C:60.36,D:6.43[0m
[0;32mI (10775) uart_rx: Line: A:60.89,B:62.14,C:60.33,D:6.55[0m
[0;32mI (10875) uart_rx: Line: A:61.00,B:62.21,C:60.34,D:6.61[0m
[0;32mI (10975) uart_rx: Line: A:60.93,B:62.17,C:60.29,D:6.52[0m
[0;32mI (11075) uart_rx: Line: A:60.87,B:61.99,C:60.30,D:6.46[0m
[0;32mI (11175) uart_rx: Line: A:61.12,B:62.42,C:60.39,D:6.52[0m
[0;32mI (11275) uart_rx: Line: A:61.04,B:62.51,C:60.52,D:6.56[0m
[0;32mI (11375) uart_rx: Line: A:61.09,B:62.40,C:60.49,D:6.52[0m
[0;32mI (11475) uart_rx: Line: A:60.87,B:62.25,C:60.45,D:6.39[0m
[0;32mI (11575) uart_rx: Line: A:60.84,B:62.30,C:60.37,D:6.52[0m
[0;32mI (11675) uart_rx: Line: A:61.16,B:62.59,C:60.49,D:6.53[0m
[0;32mI (11775) uart_rx: Line: A:60.82,B:62.35,C:60.25,D:6.52[0m
[0;32mI (11875) uart_rx: Line: A:60.87,B:62.33,C:60.51,D:6.64[0m
[0;32mI (11975) uart_rx: Line: A:59.06,B:60.14,C:58.45,D:6.17[0m
[0;32mI (12075) uart_rx: Line: A:50.40,B:51.10,C:49.84,D:4.85[0m
[0;32mI (12175) uart_rx: Line: A:41.03,B:42.92,C:40.70,D:3.81[0m
[0;32mI (12275) uart_rx: Line: A:32.76,B:33.50,C:32.43,D:2.76[0m
