in: 0| Pullup: 0| Pulldown: 0| Intr:0 
[0;32mI (334) gpio: GPIO[27]| InputEn: 0| OutputEn: 1| OpenDï¿½ets Jul 29 2019 12:21:46[0m

rst:0x1 (POWERON_RESET),boot:0x12 (SPI_FAST_FLASH_BOOT)
configsip: 0, SPIWP:0xee
clk_drv:0x00,q_drv:0x00,d_drv:0x00,cs0_drv:0x00,hd_drv:0x00,wp_drv:0x00
mode:DIO, clock div:2
load:0x3fff0030,len:6276
load:0x40078000,len:15748
load:0x40080400,len:4
ho 8 tail 4 room 4
load:0x40080404,len:3860
entry 0x4008063c
[0;32mI (31) boot: ESP-IDF v5.4.1 2nd stage bootloader[0m
[0;32mI (31) boot: compile time Aug 14 2025 16:19:53[0m
[0;32mI (31) boot: Multicore bootloader[0m
[0;32mI (32) boot: chip revision: v3.1[0m
[0;32mI (35) boot.esp32: SPI Speed      : 40MHz[0m
[0;32mI (39) boot.esp32: SPI Mode       : DIO[0m
[0;32mI (43) boot.esp32: SPI Flash Size : 2MB[0m
[0;32mI (46) boot: Enabling RNG early entropy source...[0m
[0;32mI (51) boot: Partition Table:[0m
[0;32mI (53) boot: ## Label            Usage          Type ST Offset   Length[0m
[0;32mI (60) boot:  0 nvs              WiFi data        01 02 00009000 00006000[0m
[0;32mI (66) boot:  1 phy_init         RF data          01 01 0000f000 00001000[0m
[0;32mI (73) boot:  2 factory          factory app      00 00 00010000 00100000[0m
[0;32mI (79) boot: End of partition table[0m
[0;32mI (82) esp_image: segment 0: paddr=00010020 vaddr=3f400020 size=0b1a0h ( 45472) map[0m
[0;32mI (105) esp_image: segment 1: paddr=0001b1c8 vaddr=3ff80000 size=0001ch (    28) load[0m
[0;32mI (106) esp_image: segment 2: paddr=0001b1ec vaddr=3ffb0000 size=023a4h (  9124) load[0m
[0;32mI (113) esp_image: segment 3: paddr=0001d598 vaddr=40080000 size=02a80h ( 10880) load[0m
[0;32mI (121) esp_image: segment 4: paddr=00020020 vaddr=400d0020 size=179bch ( 96700) map[0m
[0;32mI (157) esp_image: segment 5: paddr=000379e4 vaddr=40082a80 size=0b190h ( 45456) load[0m
[0;32mI (182) boot: Loaded app from partition at offset 0x10000[0m
[0;32mI (182) boot: Disabling RNG early entropy source...[0m
[0;32mI (192) cpu_start: Multicore app[0m
[0;32mI (201) cpu_start: Pro cpu start user code[0m
[0;32mI (201) cpu_start: cpu freq: 160000000 Hz[0m
[0;32mI (201) app_init: Application information:[0m
[0;32mI (201) app_init: Project name:     hello_world[0m
[0;32mI (205) app_init: App version:      c3f7ac7[0m
[0;32mI (209) app_init: Compile time:     Aug 14 2025 16:19:32[0m
[0;32mI (214) app_init: ELF file SHA256:  7adf4ab0d...[0m
[0;32mI (218) app_init: ESP-IDF:          v5.4.1[0m
[0;32mI (222) efuse_init: Min chip rev:     v0.0[0m
[0;32mI (226) efuse_init: Max chip rev:     v3.99 [0m
[0;32mI (230) efuse_init: Chip rev:         v3.1[0m
[0;32mI (234) heap_init: Initializing. RAM available for dynamic allocation:[0m
[0;32mI (240) heap_init: At 3FFAE6E0 len 00001920 (6 KiB): DRAM[0m
[0;32mI (245) heap_init: At 3FFB2C68 len 0002D398 (180 KiB): DRAM[0m
[0;32mI (251) heap_init: At 3FFE0440 len 00003AE0 (14 KiB): D/IRAM[0m
[0;32mI (256) heap_init: At 3FFE4350 len 0001BCB0 (111 KiB): D/IRAM[0m
[0;32mI (261) heap_init: At 4008DC10 len 000123F0 (72 KiB): IRAM[0m
[0;32mI (268) spi_flash: detected chip: generic[0m
[0;32mI (270) spi_flash: flash io: dio[0m
[0;33mW (273) spi_flash: Detected size(4096k) larger than the size in the binary image header(2048k). Using the size in the binary image header.[0m
[0;33mW (285) mcpwm(legacy): legacy driver is deprecated, please migrate to `driver/mcpwm_prelude.h`[0m
[0;32mI (294) main_task: Started on CPU0[0m
[0;32mI (304) main_task: Calling app_main()[0m
[0;32mI (304) gpio: GPIO[12]| InputEn: 0| OutputEn: 1| OpenDrain: 0| Pullup: 0| Pulldown: 0| Intr:0 [0m
[0;32mI (304) gpio: GPIO[13]| InputEn: 0| OutputEn: 1| OpenDrain: 0| Pullup: 0| Pulldown: 0| Intr:0 [0m
[0;32mI (314) gpio: GPIO[14]| InputEn: 0| OutputEn: 1| OpenDrain: 0| Pullup: 0| Pulldown: 0| Intr:0 [0m
[0;32mI (324) gpio: GPIO[25]| InputEn: 0| OutputEn: 1| OpenDrain: 0| Pullup: 0| Pulldown: 0| Intr:0 [0m
[0;32mI (324) gpio: GPIO[26]| InputEn: 0| OutputEn: 1| OpenDrain: 0| Pullup: 0| Pulldown: 0| Intr:0 [0m
[0;32mI (334) gpio: GPIO[27]| InputEn: 0| OutputEn: 1| OpenDrain: 0| Pullup: 0| Pulldown: 0| Intr:0 [0m
[0;32mI (344) gpio: GPIO[32]| InputEn: 0| OutputEn: 1| OpenDrain: 0| Pullup: 0| Pulldown: 0| Intr:0 [0m
[0;32mI (354) gpio: GPIO[33]| InputEn: 0| OutputEn: 1| OpenDrain: 0| Pullup: 0| Pulldown: 0| Intr:0 [0m
[0;32mI (364) main_task: Returned from app_main()[0m
[0;32mI (11494) uart_rx: Got line: [0m
[0;32mI (11604) uart_rx: Got line: A:79.22,B:-98.50,C:58.48,D:80.42[0m
[0;32mI (11704) uart_rx: Got line: A:58.86,B:-77.68,C:59.70,D:60.01[0m
[0;32mI (11804) uart_rx: Got line: A:59.01,B:-77.96,C:59.95,D:60.21[0m
[0;32mI (11904) uart_rx: Got line: A:59.49,B:-78.01,C:59.91,D:60.52[0m
[0;32mI (12004) uart_rx: Got line: A:59.67,B:-77.96,C:60.10,D:60.50[0m
[0;32mI (12104) uart_rx: Got line: A:59.64,B:-78.00,C:59.96,D:60.41[0m
[0;32mI (12204) uart_rx: Got line: A:59.87,B:-78.01,C:59.93,D:60.62[0m
[0;32mI (12304) uart_rx: Got line: A:59.92,B:-77.74,C:60.14,D:60.64[0m
[0;32mI (12404) uart_rx: Got line: A:59.93,B:-78.04,C:60.15,D:60.59[0m
[0;32mI (12504) uart_rx: Got line: A:60.01,B:-78.28,C:60.07,D:60.68[0m
[0;32mI (12604) uart_rx: Got line: A:60.10,B:-78.25,C:60.06,D:60.65[0m
[0;32mI (12704) uart_rx: Got line: A:60.01,B:-78.28,C:60.08,D:60.65[0m
[0;32mI (12804) uart_rx: Got line: A:60.18,B:-78.31,C:60.25,D:60.72[0m
[0;32mI (12904) uart_rx: Got line: A:60.24,B:-78.42,C:60.10,D:60.85[0m
[0;32mI (13004) uart_rx: Got line: A:60.08,B:-78.41,C:60.24,D:60.89[0m
[0;32mI (13104) uart_rx: Got line: A:60.21,B:-78.29,C:60.17,D:60.95[0m
[0;32mI (13204) uart_rx: Got line: A:60.35,B:-78.33,C:60.21,D:60.76[0m
[0;32mI (13304) uart_rx: Got line: A:60.24,B:-78.41,C:60.16,D:60.90[0m
[0;32mI (13404) uart_rx: Got line: A:60.44,B:-78.56,C:60.21,D:60.91[0m
[0;32mI (13504) uart_rx: Got line: A:60.33,B:-78.62,C:60.20,D:60.81[0m
[0;32mI (13604) uart_rx: Got line: A:60.43,B:-78.64,C:60.17,D:60.99[0m
[0;32mI (13704) uart_rx: Got line: A:60.31,B:-78.75,C:60.10,D:60.96[0m
[0;32mI (13804) uart_rx: Got line: A:59.51,B:-77.61,C:59.41,D:60.12[0m
[0;32mI (13904) uart_rx: Got line: A:52.32,B:-67.55,C:52.33,D:53.08[0m
[0;32mI (14004) uart_rx: Got line: A:44.21,B:-56.53,C:43.97,D:45.03[0m
[0;32mI (14104) uart_rx: Got line: A:35.40,B:-45.58,C:36.21,D:36.87[0m
[0;32mI (14214) uart_rx: Got line: A:28.20,B:-35.23,C:28.10,D:29.02[0m
[0;32mI (12074) uart_rx: Got line: [0m
[0;32mI (12174) uart_rx: Got line: A:57.81,B:-97.97,C:58.28,D:58.62[0m
[0;32mI (12274) uart_rx: Got line: A:59.16,B:-77.16,C:59.29,D:59.56[0m
[0;32mI (12374) uart_rx: Got line: A:59.34,B:-77.72,C:59.52,D:60.07[0m
[0;32mI (12474) uart_rx: Got line: A:59.44,B:-77.97,C:59.90,D:60.20[0m
[0;32mI (12574) uart_rx: Got line: A:59.65,B:-77.90,C:59.94,D:60.26[0m
[0;32mI (12674) uart_rx: Got line: A:59.73,B:-77.68,C:59.90,D:60.48[0m
[0;32mI (12774) uart_rx: Got line: A:59.70,B:-77.64,C:59.82,D:60.55[0m
[0;32mI (12874) uart_rx: Got line: A:59.90,B:-77.91,C:60.12,D:60.47[0m
[0;32mI (12974) uart_rx: Got line: A:59.85,B:-77.75,C:60.08,D:60.42[0m
[0;32mI (13074) uart_rx: Got line: A:60.03,B:-78.44,C:60.06,D:60.68[0m
[0;32mI (13184) uart_rx: Got line: A:60.00,B:-78.68,C:60.05,D:60.75[0m
[0;32mI (13284) uart_rx: Got line: A:60.02,B:-78.73,C:60.16,D:60.62[0m
[0;32mI (13384) uart_rx: Got line: A:59.97,B:-78.84,C:60.12,D:60.72[0m
[0;32mI (13484) uart_rx: Got line: A:60.08,B:-78.88,C:60.00,D:60.69[0m
[0;32mI (13584) uart_rx: Got line: A:60.04,B:-79.04,C:60.17,D:60.75[0m
[0;32mI (13684) uart_rx: Got line: A:60.34,B:-79.02,C:60.29,D:60.65[0m
[0;32mI (13784) uart_rx: Got line: A:60.02,B:-78.89,C:60.09,D:60.70[0m
[0;32mI (13884) uart_rx: Got line: A:60.27,B:-79.02,C:60.06,D:60.79[0m
[0;32mI (13984) uart_rx: Got line: A:56.53,B:-73.58,C:56.50,D:57.10[0m
[0;32mI (14084) uart_rx: Got line: A:48.39,B:-62.16,C:48.03,D:49.11[0m
[0;32mI (14184) uart_rx: Got line: A:40.06,B:-51.28,C:39.64,D:40.65[0m
[0;32mI (14284) uart_rx: Got line: A:32.21,B:-40.42,C:31.91,D:32.67[0m
