 gpio: GPIO[26]| InputEn: 0| OutputEn: 1| OpenDrain: 0| Pullup: 0| Pulldown: 0| Intr:0 
I (33ï¿½ets Jul 29 2019 12:21:46

rst:0x1 (POWERON_RESET),boot:0x12 (SPI_FAST_FLASH_BOOT)
configsip: 0, SPIWP:0xee
clk_drv:0x00,q_drv:0x00,d_drv:0x00,cs0_drv:0x00,hd_drv:0x00,wp_drv:0x00
mode:DIO, clock div:2
load:0x3fff0030,len:6276
load:0x40078000,len:15748
load:0x40080400,len:4
ho 8 tail 4 room 4
load:0x40080404,len:3860
entry 0x4008063c
[0;32mI (31) boot: ESP-IDF v5.4.1 2nd stage bootloader[0m
[0;32mI (31) boot: compile time Aug 14 2025 16:19:53[0m
[0;32mI (31) boot: Multicore bootloader[0m
[0;32mI (32) boot: chip revision: v3.1[0m
[0;32mI (35) boot.esp32: SPI Speed      : 40MHz[0m
[0;32mI (39) boot.esp32: SPI Mode       : DIO[0m
[0;32mI (43) boot.esp32: SPI Flash Size : 2MB[0m
[0;32mI (46) boot: Enabling RNG early entropy source...[0m
[0;32mI (51) boot: Partition Table:[0m
[0;32mI (53) boot: ## Label            Usage          Type ST Offset   Length[0m
[0;32mI (60) boot:  0 nvs              WiFi data        01 02 00009000 00006000[0m
[0;32mI (66) boot:  1 phy_init         RF data          01 01 0000f000 00001000[0m
[0;32mI (73) boot:  2 factory          factory app      00 00 00010000 00100000[0m
[0;32mI (79) boot: End of partition table[0m
[0;32mI (82) esp_image: segment 0: paddr=00010020 vaddr=3f400020 size=0b1f0h ( 45552) map[0m
[0;32mI (105) esp_image: segment 1: paddr=0001b218 vaddr=3ff80000 size=0001ch (    28) load[0m
[0;32mI (106) esp_image: segment 2: paddr=0001b23c vaddr=3ffb0000 size=023a4h (  9124) load[0m
[0;32mI (113) esp_image: segment 3: paddr=0001d5e8 vaddr=40080000 size=02a30h ( 10800) load[0m
[0;32mI (121) esp_image: segment 4: paddr=00020020 vaddr=400d0020 size=17a68h ( 96872) map[0m
[0;32mI (158) esp_image: segment 5: paddr=00037a90 vaddr=40082a30 size=0b2d4h ( 45780) load[0m
[0;32mI (182) boot: Loaded app from partition at offset 0x10000[0m
[0;32mI (182) boot: Disabling RNG early entropy source...[0m
[0;32mI (193) cpu_start: Multicore app[0m
[0;32mI (201) cpu_start: Pro cpu start user code[0m
[0;32mI (201) cpu_start: cpu freq: 160000000 Hz[0m
[0;32mI (201) app_init: Application information:[0m
[0;32mI (201) app_init: Project name:     hello_world[0m
[0;32mI (205) app_init: App version:      c3f7ac7[0m
[0;32mI (209) app_init: Compile time:     Aug 14 2025 16:19:32[0m
[0;32mI (214) app_init: ELF file SHA256:  68488b8e3...[0m
[0;32mI (219) app_init: ESP-IDF:          v5.4.1[0m
[0;32mI (222) efuse_init: Min chip rev:     v0.0[0m
[0;32mI (226) efuse_init: Max chip rev:     v3.99 [0m
[0;32mI (230) efuse_init: Chip rev:         v3.1[0m
[0;32mI (234) heap_init: Initializing. RAM available for dynamic allocation:[0m
[0;32mI (241) heap_init: At 3FFAE6E0 len 00001920 (6 KiB): DRAM[0m
[0;32mI (246) heap_init: At 3FFB2C70 len 0002D390 (180 KiB): DRAM[0m
[0;32mI (251) heap_init: At 3FFE0440 len 00003AE0 (14 KiB): D/IRAM[0m
[0;32mI (256) heap_init: At 3FFE4350 len 0001BCB0 (111 KiB): D/IRAM[0m
[0;32mI (262) heap_init: At 4008DD04 len 000122FC (72 KiB): IRAM[0m
[0;32mI (268) spi_flash: detected chip: generic[0m
[0;32mI (271) spi_flash: flash io: dio[0m
[0;33mW (274) spi_flash: Detected size(4096k) larger than the size in the binary image header(2048k). Using the size in the binary image header.[0m
[0;33mW (286) mcpwm(legacy): legacy driver is deprecated, please migrate to `driver/mcpwm_prelude.h`[0m
[0;32mI (295) main_task: Started on CPU0[0m
[0;32mI (305) main_task: Calling app_main()[0m
[0;32mI (305) gpio: GPIO[12]| InputEn: 0| OutputEn: 1| OpenDrain: 0| Pullup: 0| Pulldown: 0| Intr:0 [0m
[0;32mI (305) gpio: GPIO[13]| InputEn: 0| OutputEn: 1| OpenDrain: 0| Pullup: 0| Pulldown: 0| Intr:0 [0m
[0;32mI (315) gpio: GPIO[14]| InputEn: 0| OutputEn: 1| OpenDrain: 0| Pullup: 0| Pulldown: 0| Intr:0 [0m
[0;32mI (325) gpio: GPIO[25]| InputEn: 0| OutputEn: 1| OpenDrain: 0| Pullup: 0| Pulldown: 0| Intr:0 [0m
[0;32mI (325) gpio: GPIO[26]| InputEn: 0| OutputEn: 1| OpenDrain: 0| Pullup: 0| Pulldown: 0| Intr:0 [0m
[0;32mI (335) gpio: GPIO[27]| InputEn: 0| OutputEn: 1| OpenDrain: 0| Pullup: 0| Pulldown: 0| Intr:0 [0m
[0;32mI (345) gpio: GPIO[32]| InputEn: 0| OutputEn: 1| OpenDrain: 0| Pullup: 0| Pulldown: 0| Intr:0 [0m
[0;32mI (355) gpio: GPIO[33]| InputEn: 0| OutputEn: 1| OpenDrain: 0| Pullup: 0| Pulldown: 0| Intr:0 [0m
[0;32mI (365) uart: queue free spaces: 64[0m
[0;32mI (365) main_task: Returned from app_main()[0m
[0;32mI (2335) uart_rx: Line: A:-59.47,B:61.58,C:-59.15,D:61.12[0m
8.52,B:60.34,C:-78.01,D:60.A:-7A:-59.47,B:61.58,C:-59.15,D:61.12
[0;32mI (2435) uart_rx: Line: A:-59.57,B:62.05,C:-59.32,D:61.50[0m
[0;32mI (2535) uart_rx: Line: A:-59.72,B:62.36,C:-59.38,D:61.68[0m
[0;32mI (2635) uart_rx: Line: A:-59.78,B:62.35,C:-59.54,D:61.97[0m
[0;32mI (2735) uart_rx: Line: A:-59.73,B:62.24,C:-59.76,D:61.93[0m
[0;32mI (2835) uart_rx: Line: A:-59.75,B:62.20,C:-59.40,D:61.70[0m
[0;32mI (2935) uart_rx: Line: A:-59.87,B:62.23,C:-59.80,D:61.77[0m
[0;32mI (3035) uart_rx: Line: A:-59.92,B:62.33,C:-59.70,D:61.94[0m
[0;32mI (3145) uart_rx: Line: A:-59.83,B:62.06,C:-59.62,D:61.71[0m
[0;32mI (3245) uart_rx: Line: A:-59.80,B:62.08,C:-59.68,D:61.86[0m
[0;32mI (3345) uart_rx: Line: A:-59.95,B:62.36,C:-59.58,D:61.89[0m
[0;32mI (3445) uart_rx: Line: A:-59.98,B:62.26,C:-59.64,D:61.86[0m
[0;32mI (3545) uart_rx: Line: A:-59.82,B:62.43,C:-59.59,D:61.83[0m
[0;32mI (3645) uart_rx: Line: A:-59.92,B:62.62,C:-59.62,D:61.86[0m
[0;32mI (3745) uart_rx: Line: A:-59.81,B:62.65,C:-59.72,D:61.99[0m
[0;32mI (3845) uart_rx: Line: A:-60.04,B:62.70,C:-59.73,D:61.98[0m
[0;32mI (3945) uart_rx: Line: A:-60.15,B:62.74,C:-59.82,D:62.02[0m
[0;32mI (4045) uart_rx: Line: A:-59.87,B:62.48,C:-59.86,D:62.05[0m
[0;32mI (4145) uart_rx: Line: A:-60.22,B:62.68,C:-59.89,D:61.89[0m
[0;32mI (4245) uart_rx: Line: A:-59.99,B:62.88,C:-59.96,D:62.00[0m
[0;32mI (4345) uart_rx: Line: A:-60.05,B:63.00,C:-59.99,D:62.10[0m
[0;32mI (4445) uart_rx: Line: A:-59.98,B:62.65,C:-59.78,D:61.93[0m
[0;32mI (4545) uart_rx: Line: A:-59.90,B:62.76,C:-59.77,D:61.92[0m
[0;32mI (4645) uart_rx: Line: A:-60.08,B:62.91,C:-59.89,D:62.05[0m
[0;32mI (4745) uart_rx: Line: A:-60.02,B:62.92,C:-59.75,D:62.10[0m
[0;32mI (4845) uart_rx: Line: A:-60.08,B:62.97,C:-59.71,D:61.98[0m
[0;32mI (4945) uart_rx: Line: A:-60.02,B:62.62,C:-59.71,D:61.74[0m
[0;32mI (5045) uart_rx: Line: A:-60.01,B:62.74,C:-59.75,D:61.88[0m
[0;32mI (5145) uart_rx: Line: A:-60.02,B:62.76,C:-59.61,D:61.84[0m
[0;32mI (5245) uart_rx: Line: A:-60.13,B:62.83,C:-59.78,D:61.85[0m
[0;32mI (5345) uart_rx: Line: A:-60.08,B:62.96,C:-59.96,D:61.75[0m
[0;32mI (5445) uart_rx: Line: A:-60.06,B:62.91,C:-60.00,D:61.91[0m
[0;32mI (5545) uart_rx: Line: A:-59.91,B:62.90,C:-59.79,D:61.96[0m
[0;32mI (5645) uart_rx: Line: A:-60.20,B:62.99,C:-60.00,D:62.14[0m
[0;32mI (5745) uart_rx: Line: A:-59.95,B:62.70,C:-60.01,D:61.85[0m
[0;32mI (5845) uart_rx: Line: A:-60.06,B:62.77,C:-59.83,D:61.72[0m
[0;32mI (5945) uart_rx: Line: A:-60.19,B:63.05,C:-60.09,D:62.22[0m
[0;32mI (6045) uart_rx: Line: A:-60.14,B:62.51,C:-59.90,D:61.97[0m
[0;32mI (6145) uart_rx: Line: A:-60.03,B:62.73,C:-59.96,D:61.84[0m
[0;32mI (6245) uart_rx: Line: A:-60.25,B:62.87,C:-59.95,D:62.00[0m
[0;32mI (6345) uart_rx: Line: A:-60.14,B:62.83,C:-59.94,D:61.90[0m
[0;32mI (6455) uart_rx: Line: A:-60.13,B:62.96,C:-59.88,D:62.02[0m
[0;32mI (6555) uart_rx: Line: A:-60.02,B:63.02,C:-60.06,D:61.85[0m
[0;32mI (6655) uart_rx: Line: A:-59.87,B:62.89,C:-59.95,D:61.67[0m
[0;32mI (6755) uart_rx: Line: A:-60.26,B:62.99,C:-60.15,D:61.90[0m
[0;32mI (6855) uart_rx: Line: A:-60.30,B:62.92,C:-60.22,D:62.03[0m
[0;32mI (6955) uart_rx: Line: A:-60.18,B:62.96,C:-59.95,D:61.89[0m
[0;32mI (7055) uart_rx: Line: A:-60.12,B:63.03,C:-60.01,D:61.92[0m
[0;32mI (7155) uart_rx: Line: A:-60.07,B:62.95,C:-59.92,D:61.76[0m
[0;32mI (7255) uart_rx: Line: A:-60.04,B:62.87,C:-60.00,D:61.89[0m
[0;32mI (7355) uart_rx: Line: A:-60.00,B:62.82,C:-60.01,D:61.73[0m
[0;32mI (7455) uart_rx: Line: A:-60.13,B:62.90,C:-59.97,D:61.76[0m
[0;32mI (7555) uart_rx: Line: A:-60.04,B:62.73,C:-59.88,D:61.64[0m
[0;32mI (7655) uart_rx: Line: A:-60.22,B:63.08,C:-60.05,D:62.04[0m
[0;32mI (7755) uart_rx: Line: A:-60.09,B:62.91,C:-60.02,D:61.89[0m
[0;32mI (7855) uart_rx: Line: A:-60.19,B:62.92,C:-60.08,D:61.76[0m
[0;32mI (7955) uart_rx: Line: A:-60.19,B:62.93,C:-60.06,D:61.89[0m
[0;32mI (8055) uart_rx: Line: A:-60.28,B:63.00,C:-60.18,D:61.75[0m
[0;32mI (8155) uart_rx: Line: A:-60.23,B:63.09,C:-60.04,D:61.78[0m
[0;32mI (8255) uart_rx: Line: A:-60.09,B:62.90,C:-60.07,D:61.71[0m
[0;32mI (8355) uart_rx: Line: A:-60.18,B:63.04,C:-60.00,D:61.80[0m
[0;32mI (8455) uart_rx: Line: A:-60.24,B:63.28,C:-60.02,D:61.79[0m
[0;32mI (8555) uart_rx: Line: A:-60.17,B:62.97,C:-59.93,D:61.67[0m
[0;32mI (8655) uart_rx: Line: A:-60.22,B:62.97,C:-59.78,D:61.92[0m
[0;32mI (8755) uart_rx: Line: A:-60.35,B:63.12,C:-60.03,D:61.86[0m
[0;32mI (8855) uart_rx: Line: A:-60.18,B:62.93,C:-60.06,D:61.93[0m
[0;32mI (8955) uart_rx: Line: A:-60.17,B:63.08,C:-59.99,D:61.98[0m
[0;32mI (9055) uart_rx: Line: A:-60.28,B:63.07,C:-59.99,D:61.93[0m
[0;32mI (9155) uart_rx: Line: A:-60.08,B:62.98,C:-59.93,D:61.96[0m
[0;32mI (9255) uart_rx: Line: A:-59.87,B:62.83,C:-59.90,D:61.69[0m
[0;32mI (9365) uart_rx: Line: A:-52.69,B:56.06,C:-52.62,D:55.22[0m
[0;32mI (9465) uart_rx: Line: A:-43.79,B:47.31,C:-44.06,D:46.70[0m
[0;32mI (9565) uart_rx: Line: A:-35.12,B:37.98,C:-35.49,D:37.52[0m
[0;32mI (9665) uart_rx: Line: A:-26.80,B:29.08,C:-27.18,D:28.84[0m
